// Jest Snapshot v1, https://goo.gl/fbAQLP

exports[`SelectInput should render without crashing 1`] = `
<clickOutside(Dropdown)
  className="selectInput customClassName"
  onClose={[Function]}
  open={false}
  renderDropdown={[Function]}
>
  <TextInput
    className="input"
    onChange={[Function]}
    onFocus={[Function]}
    renderAfter={[Function]}
    type="text"
    value="some text"
  />
</clickOutside(Dropdown)>
`;
